// Jest Snapshot v1, https://goo.gl/fbAQLP

exports[`should render as expected 1`] = `
<div
  className="sc-bdVaJa eydJRb"
  style={Object {}}
>
  <div
    className="sc-bwzfXH bJUZVN"
  >
    <header
      className="sc-htpNat lcyfRu"
      style={Object {}}
    >
      <span>
        <div
          className="sc-ifAKCX rpFvk"
        >
          plouc
        </div>
        GitHub User
      </span>
      <div
        className="sc-EHOje iJdEwV"
      >
        <svg
          fill="none"
          height="2vmin"
          stroke="#000"
          strokeLinecap="round"
          strokeLinejoin="round"
          strokeWidth="2"
          viewBox="0 0 24 24"
          width="2vmin"
          xmlns="http://www.w3.org/2000/svg"
        >
          <path
            d="M9 19c-5 1.5-5-2.5-7-3m14 6v-3.87a3.37 3.37 0 0 0-.94-2.61c3.14-.35 6.44-1.54 6.44-7A5.44 5.44 0 0 0 20 4.77 5.07 5.07 0 0 0 19.91 1S18.73.65 16 2.48a13.38 13.38 0 0 0-7 0C6.27.65 5.09 1 5.09 1A5.07 5.07 0 0 0 5 4.77a5.44 5.44 0 0 0-1.5 3.78c0 5.42 3.3 6.61 6.44 7A3.37 3.37 0 0 0 9 18.13V22"
          />
        </svg>
      </div>
    </header>
    <div
      className="sc-bZQynM kFUlyb"
      style={Object {}}
    >
      <div
        style={
          Object {
            "alignContent": "stretch",
            "display": "flex",
            "flexDirection": "column",
            "height": "100%",
            "justifyContent": "center",
            "width": "100%",
          }
        }
      >
        <div
          style={
            Object {
              "alignItems": "center",
              "display": "flex",
              "height": "40%",
              "justifyContent": "center",
            }
          }
        >
          <a
            rel="noopener noreferrer"
            target="_blank"
          >
            <div
              className="sc-chPdSV bNGhPn"
              style={
                Object {
                  "fontSize": "calc(7vmin / 2)",
                  "height": "7vmin",
                  "width": "7vmin",
                }
              }
            >
              <img
                alt="plouc"
                src="http://mozaik.rocks/avatar.gif"
              />
            </div>
          </a>
        </div>
        <div
          style={
            Object {
              "display": "flex",
              "flexWrap": "wrap",
              "justifyContent": "space-between",
            }
          }
        >
          <span
            className="sc-VigVT eprixE"
            style={
              Object {
                "marginBottom": "1vmin",
                "width": "48%",
              }
            }
          >
            <span
              className="sc-fjdhpX kbqJsB"
            >
              10
            </span>
            <span
              className="sc-jTzLTM itVkgL"
            >
              <a
                href="undefined?tab=repositories"
                rel="noopener noreferrer"
                target="_blank"
              >
                public repos
              </a>
            </span>
          </span>
          <span
            className="sc-VigVT eprixE"
            style={
              Object {
                "marginBottom": "1vmin",
                "width": "48%",
              }
            }
          >
            <span
              className="sc-fjdhpX kbqJsB"
            >
              11
            </span>
            <span
              className="sc-jTzLTM itVkgL"
            >
              public gists
            </span>
          </span>
          <span
            className="sc-VigVT eprixE"
            style={
              Object {
                "marginBottom": "1vmin",
                "width": "48%",
              }
            }
          >
            <span
              className="sc-fjdhpX kbqJsB"
            >
              12
            </span>
            <span
              className="sc-jTzLTM itVkgL"
            >
              <a
                href="undefined/followers"
                rel="noopener noreferrer"
                target="_blank"
              >
                followers
              </a>
            </span>
          </span>
          <span
            className="sc-VigVT eprixE"
            style={
              Object {
                "marginBottom": "1vmin",
                "width": "48%",
              }
            }
          >
            <span
              className="sc-fjdhpX kbqJsB"
            >
              13
            </span>
            <span
              className="sc-jTzLTM itVkgL"
            >
              <a
                href="undefined/following"
                rel="noopener noreferrer"
                target="_blank"
              >
                following
              </a>
            </span>
          </span>
          <span
            className="sc-VigVT eprixE"
            style={
              Object {
                "width": "100%",
              }
            }
          >
            <span
              className="sc-jTzLTM itVkgL"
            >
              company
            </span>
            <span
              className="sc-fjdhpX kbqJsB"
            >
              ploucorp
            </span>
          </span>
        </div>
      </div>
    </div>
  </div>
</div>
`;
