// Jest Snapshot v1, https://goo.gl/fbAQLP

exports[`should render as expected 1`] = `
<div
  className="sc-bdVaJa eydJRb"
  style={Object {}}
>
  <div
    className="sc-bwzfXH bJUZVN"
  >
    <header
      className="sc-htpNat lcyfRu"
      style={Object {}}
    >
      <span>
        <div
          className="sc-ifAKCX rpFvk"
        >
          plouc/mozaik
        </div>
        Pull Requests
        <div
          className="sc-bxivhb eDwDKI"
        >
          3
        </div>
      </span>
      <div
        className="sc-EHOje iJdEwV"
      >
        <svg
          fill="none"
          height="2vmin"
          stroke="#000"
          strokeLinecap="round"
          strokeLinejoin="round"
          strokeWidth="2"
          viewBox="0 0 24 24"
          width="2vmin"
          xmlns="http://www.w3.org/2000/svg"
        >
          <path
            d="M9 19c-5 1.5-5-2.5-7-3m14 6v-3.87a3.37 3.37 0 0 0-.94-2.61c3.14-.35 6.44-1.54 6.44-7A5.44 5.44 0 0 0 20 4.77 5.07 5.07 0 0 0 19.91 1S18.73.65 16 2.48a13.38 13.38 0 0 0-7 0C6.27.65 5.09 1 5.09 1A5.07 5.07 0 0 0 5 4.77a5.44 5.44 0 0 0-1.5 3.78c0 5.42 3.3 6.61 6.44 7A3.37 3.37 0 0 0 9 18.13V22"
          />
        </svg>
      </div>
    </header>
    <div
      className="sc-bZQynM FCrnA"
      style={Object {}}
    >
      <div>
        <div
          className="sc-dnqmqq gUZFZU"
        >
          <div
            className="sc-gZMcBi bsejjv"
          >
            <div
              className="sc-kgoBCf eXgzao"
              style={
                Object {
                  "fontSize": "calc(4vmin / 2)",
                  "height": "4vmin",
                  "width": "4vmin",
                }
              }
            >
              <img
                alt="plouc"
                src="http://mozaik.rocks/avatar.gif"
              />
            </div>
          </div>
          <div
            style={
              Object {
                "flexGrow": 1,
              }
            }
          >
            <div
              className="sc-iwsKbI gExwvp"
            >
              <span>
                <a
                  href="https://github.com/whatever"
                  rel="noopener noreferrer"
                  target="_blank"
                >
                  PR-0
                </a>
                 by
                 
                <a
                  href="https://github.com/whatever"
                  rel="noopener noreferrer"
                  target="_blank"
                >
                  plouc
                </a>
              </span>
            </div>
            <div
              className="sc-hzDkRC cJCExA"
              type="default"
            >
              <span
                style={
                  Object {
                    "alignItems": "center",
                    "display": "flex",
                  }
                }
              >
                <svg
                  fill="none"
                  height="1.8vmin"
                  stroke="currentColor"
                  strokeLinecap="round"
                  strokeLinejoin="round"
                  strokeWidth="2"
                  style={
                    Object {
                      "display": "inline-block",
                    }
                  }
                  viewBox="0 0 24 24"
                  width="1.8vmin"
                  xmlns="http://www.w3.org/2000/svg"
                >
                  <circle
                    cx="12"
                    cy="12"
                    r="10"
                  />
                  <polyline
                    points="12 6 12 12 16 14"
                  />
                </svg>
                 
                7 years ago
              </span>
            </div>
          </div>
        </div>
        <div
          className="sc-dnqmqq gUZFZU"
        >
          <div
            className="sc-gZMcBi bsejjv"
          >
            <div
              className="sc-kgoBCf eXgzao"
              style={
                Object {
                  "fontSize": "calc(4vmin / 2)",
                  "height": "4vmin",
                  "width": "4vmin",
                }
              }
            >
              <img
                alt="john"
                src="http://mozaik.rocks/avatar.gif"
              />
            </div>
          </div>
          <div
            style={
              Object {
                "flexGrow": 1,
              }
            }
          >
            <div
              className="sc-iwsKbI gExwvp"
            >
              <span>
                <a
                  href="https://github.com/whatever"
                  rel="noopener noreferrer"
                  target="_blank"
                >
                  PR-1
                </a>
                 by
                 
                <a
                  href="https://github.com/whatever"
                  rel="noopener noreferrer"
                  target="_blank"
                >
                  john
                </a>
              </span>
            </div>
            <div
              className="sc-jhAzac lfYNJx"
              type="default"
            >
              <span
                style={
                  Object {
                    "alignItems": "center",
                    "display": "flex",
                  }
                }
              >
                <svg
                  fill="none"
                  height="1.8vmin"
                  stroke="currentColor"
                  strokeLinecap="round"
                  strokeLinejoin="round"
                  strokeWidth="2"
                  style={
                    Object {
                      "display": "inline-block",
                    }
                  }
                  viewBox="0 0 24 24"
                  width="1.8vmin"
                  xmlns="http://www.w3.org/2000/svg"
                >
                  <circle
                    cx="12"
                    cy="12"
                    r="10"
                  />
                  <polyline
                    points="12 6 12 12 16 14"
                  />
                </svg>
                 
                7 years ago
              </span>
            </div>
          </div>
        </div>
        <div
          className="sc-dnqmqq gUZFZU"
        >
          <div
            className="sc-gZMcBi bsejjv"
          >
            <div
              className="sc-kgoBCf eXgzao"
              style={
                Object {
                  "fontSize": "calc(4vmin / 2)",
                  "height": "4vmin",
                  "width": "4vmin",
                }
              }
            >
              <img
                alt="sarah"
                src="http://mozaik.rocks/avatar.gif"
              />
            </div>
          </div>
          <div
            style={
              Object {
                "flexGrow": 1,
              }
            }
          >
            <div
              className="sc-iwsKbI gExwvp"
            >
              <span>
                <a
                  href="https://github.com/whatever"
                  rel="noopener noreferrer"
                  target="_blank"
                >
                  PR-2
                </a>
                 by
                 
                <a
                  href="https://github.com/whatever"
                  rel="noopener noreferrer"
                  target="_blank"
                >
                  sarah
                </a>
              </span>
            </div>
            <div
              className="sc-fBuWsC dUciHS"
              type="default"
            >
              <span
                style={
                  Object {
                    "alignItems": "center",
                    "display": "flex",
                  }
                }
              >
                <svg
                  fill="none"
                  height="1.8vmin"
                  stroke="currentColor"
                  strokeLinecap="round"
                  strokeLinejoin="round"
                  strokeWidth="2"
                  style={
                    Object {
                      "display": "inline-block",
                    }
                  }
                  viewBox="0 0 24 24"
                  width="1.8vmin"
                  xmlns="http://www.w3.org/2000/svg"
                >
                  <circle
                    cx="12"
                    cy="12"
                    r="10"
                  />
                  <polyline
                    points="12 6 12 12 16 14"
                  />
                </svg>
                 
                7 years ago
              </span>
            </div>
          </div>
        </div>
      </div>
    </div>
  </div>
</div>
`;
